esptool.py v4.8.1
Serial port /dev/cu.usbserial-1130
WARNING: Pre-connection option "no_reset" was selected. Connection may fail if the chip is not in bootloader or flasher stub mode.
Connecting....
Chip is ESP32-D0WD-V3 (revision v3.1)
Features: WiFi, BT, Dual Core, 240MHz, VRef calibration in efuse, Coding Scheme None
Crystal is 40MHz
MAC: 2c:bc:bb:4d:c1:6c
Uploading stub...
Running stub...
Stub running...
Configuring flash size...
Verifying 0x6140 (24896) bytes @ 0x00001000 in flash against firmware/official-0.84/RoArm-M3_example.ino.bootloader.bin...
-- verify OK (digest matched)
Verifying 0xc00 (3072) bytes @ 0x00008000 in flash against firmware/official-0.84/RoArm-M3_example.ino.partitions.bin...
-- verify OK (digest matched)
Verifying 0x2000 (8192) bytes @ 0x0000e000 in flash against firmware/official-0.84/boot_app0.bin...
-- verify OK (digest matched)
Verifying 0x13bc50 (1293392) bytes @ 0x00010000 in flash against firmware/official-0.84/RoArm-M3_example.ino.bin...
-- verify OK (digest matched)
Hard resetting via RTS pin...
