Servo ID:14 status: failed.
Servo ID:15 status: failed.
Servo ID:16 status: failed.
Bytes received: 236
Servo ID:17 status: failed.
Low operating voltage detected. The servo cannot operate properly. UI controls have been disabled. Please use the device's operating voltage for power supply.
Servo ID:11 status: failed.
Servo ID:12 status: failed.
Servo ID:14 status: failed.
Servo ID:15 status: failed.
Servo ID:16 status: failed.
Bytes received: 236
Servo ID:17 status: failed.
Low operating voltage detected. The servo cannot operate properly. UI controls have been disabled. Please use the device's operating voltage for power supply.
Servo ID:11 status: failed.
Servo ID:12 status: failed.
Servo ID:14 status: failed.
Servo ID:15 status: failed.
Servo ID:16 status: failed.
Bytes received: 236
Servo ID:17 status: failed.
Low operating voltage detected. The servo cannot operate properly. UI controls have been disabled. Please use the device's operating voltage for power supply.
Servo ID:11 status: failed.
Servo ID:12 status: failed.
Servo ID:14 status: failed.
Servo ID:15 status: failed.
Servo ID:16 status: failed.
Bytes received: 236
Servo ID:17 status: failed.
Low operating voltage detected. The servo cannot operate properly. UI controls have been disabled. Please use the device's operating voltage for power supply.
2C:BC:BB:4D:C1:6C
Servo ID:11 status: failed.
Servo ID:12 status: failed.
Servo ID:14 status: failed.
Servo ID:15 status: failed.
Servo ID:16 status: failed.
Bytes received: 236
Servo ID:17 status: failed.
Low operating voltage detected. The servo cannot operate properly. UI controls have been disabled. Please use the device's operating voltage for power supply.
Servo ID:11 status: failed.
Servo ID:12 status: failed.
Servo ID:14 status: failed.
Servo ID:15 status: failed.
Servo ID:16 status: failed.
Bytes received: 236
Servo ID:17 status: failed.
Low operating voltage detected. The servo cannot operate properly. UI controls have been disabled. Please use the device's operating voltage for power supply.
Servo ID:11 status: failed.
Servo ID:12 status: failed.
Servo ID:14 status: failed.
Servo ID:15 status: failed.
Servo ID:16 status: failed.
Bytes received: 236
Servo ID:17 status: failed.
Low operating voltage detected. The servo cannot operate properly. UI controls have been disabled. Please use the device's operating voltage for power supply.
Servo ID:11 status: failed.
Servo ID:12 status: failed.
Servo ID:14 status: failed.
Servo ID:15 status: failed.
Servo ID:16 status: failed.
Bytes received: 236
Servo ID:17 status: failed.
Low operating voltage detected. The servo cannot operate properly. UI controls have been disabled. Please use the device's operating voltage for power supply.
Servo ID:11 status: failed.
Servo ID:12 status: failed.
Servo ID:14 status: failed.
Servo ID:15 status: failed.
Servo ID:16 status: failed.
Bytes received: 236
Servo ID:17 status: failed.
{"T":1051,"x":402.6030162,"y":-1.235174459,"z":-131.5832058,"tit":-4.663301595,"b":3.138524692,"s":-1.547786615,"e":0.003067962,"t":-1.547786615,"r":3.140058673,"g":1.078388494,"tB":21,"tS":133,"tE":21,"tT":133,"tR":0,"tG":16,"torswitchB":0,"torswitchS":0,"torswitchE":0,"torswitchT":0,"torswitchR":0,"torswitchG":0,"v":0}
Servo ID:11 status: failed.
Servo ID:12 status: failed.
Servo ID:14 status: failed.
Servo ID:15 status: failed.
Servo ID:16 status: failed.
Bytes received: 236
Servo ID:17 status: failed.
Low operating voltage detected. The servo cannot operate properly. UI controls have been disabled. Please use the device's operating voltage for power supply.
Servo ID:11 status: failed.
Servo ID:12 status: failed.
Servo ID:14 status: failed.
Servo ID:15 status: failed.
Servo ID:16 status: failed.
Bytes received: 236
Servo ID:17 status: failed.
Low operating voltage detected. The servo cannot operate properly. UI controls have been disabled. Please use the device's operating voltage for power supply.
Servo ID:11 status: failed.
Servo ID:12 status: failed.
Servo ID:14 status: failed.
Servo ID:15 status: failed.
Servo ID:16 status: failed.
Bytes received: 236
Servo ID:17 status: failed.
Low operating voltage detected. The servo cannot operate properly. UI controls have been disabled. Please use the device's operating voltage for power supply.
Servo ID:11 status: failed.
